// Bun Snapshot v1, https://goo.gl/fbAQLP

exports[`toSQL 1`] = `
"CREATE TABLE user (
  id INTEGER PRIMARY KEY AUTOINCREMENT,
  name TEXT,
  email TEXT UNIQUE NOT NULL,
  gender INTEGER DEFAULT 0 NOT NULL
);"
`;
