// Bun Snapshot v1, https://goo.gl/fbAQLP

exports[`toTs 1`] = `
"export class User {
  id: number
  name?: string
  email: string
  gender: number = 0
}"
`;
